// Jest Snapshot v1, https://goo.gl/fbAQLP

exports[`Private should renders with an active sesion 1`] = `
<div>
  <div>
    Private
  </div>
</div>
`;
