// Jest Snapshot v1, https://goo.gl/fbAQLP

exports[`Results should renders without videos 1`] = `
<div>
  <section
    class="sc-iBPRYJ htirTG"
  >
    <h1
      class="sc-pFZIQ dEVQfo"
      data-testid="results-message"
    >
      Results for 
      "Happy dogs"
      :
       
    </h1>
    <div
      class="sc-gKsewC ikKpsV"
      data-testid="video-list"
    />
  </section>
</div>
`;
