// Jest Snapshot v1, https://goo.gl/fbAQLP

exports[`Favorites should renders 1`] = `
<div>
  <section
    class="sc-iBPRYJ tFyuG"
  >
    <h1
      class="sc-fubCfw hnRPzm"
    >
      My Favorites
    </h1>
    <div
      class="sc-gKsewC ikKpsV"
      data-testid="video-list"
    />
  </section>
</div>
`;
