// Jest Snapshot v1, https://goo.gl/fbAQLP

exports[`App renders App component 1`] = `
<div>
  <div
    class="pushable"
    data-testid="layout-sidebar"
  >
    <div
      class="ui vertical labeled icon ui overlay left thin sidebar menu"
    >
      <div
        class="sc-hHftDr sc-dmlrTW eFfKuu hmZLfg"
      >
        <a
          class="item"
          data-testid="layout-login"
        >
          Login
        </a>
      </div>
      <div
        class="sc-hHftDr sc-kfzAmx eFfKuu fAqkOV"
      >
        <a
          class="item"
          data-testid="layout-dark-mode"
        >
          Dark Mode
        </a>
      </div>
      <a
        class="item"
        data-testid="layout-go-home"
      >
        Home
      </a>
    </div>
    <div
      class="pusher"
      style="height: 100%;"
    >
      <div
        class="ui menu"
        data-testid="header-menu"
      >
        <div
          class="item"
        >
          <i
            aria-hidden="true"
            class="bars icon clickable"
            data-testid="header-bars-icon"
          />
        </div>
        <div
          class="item searchInput"
        >
          <div
            class="ui icon input"
            data-testid="header-search"
          >
            <input
              placeholder="Search..."
              type="text"
              value=""
            />
            <i
              aria-hidden="true"
              class="search icon"
            />
          </div>
        </div>
        <div
          class="right menu"
        >
          <div
            class="item darkMode"
          >
            <div
              class="ui slider checkbox"
              data-testid="header-dark-mode"
            >
              <input
                class="hidden"
                readonly=""
                tabindex="0"
                type="checkbox"
                value=""
              />
              <label>
                Dark Mode
              </label>
            </div>
          </div>
          <div
            aria-expanded="false"
            class="ui dropdown link icon item userIcon"
            data-testid="header-dropdown"
            role="listbox"
            tabindex="0"
          >
            <i
              aria-hidden="true"
              class="user circle outline icon"
            />
            <div
              class="menu transition"
            >
              <div
                class="item"
                data-testid="header-dropdown-login"
                role="option"
              >
                Login
              </div>
            </div>
          </div>
        </div>
      </div>
      <main
        class="sc-dIUggk hpnRtl"
      >
        <section
          class="sc-pFZIQ hewDxE"
        >
          <h1
            class="sc-jrAGrp cgMJfD"
            data-testid="home-message"
          >
            Welcome to the Challenge!
          </h1>
        </section>
      </main>
    </div>
  </div>
</div>
`;
