// Jest Snapshot v1, https://goo.gl/fbAQLP

exports[`Login should renders when modal is opened 1`] = `<div />`;
